[blackline-pr.ru/index.html]
[backblue.gif]
[fade.gif]
[index.html]
[blackline-pr.ru/assets/foto/placeholder.jpg]
[use.fontawesome.com/releases/v5.8.0/css/all.css]
[blackline-pr.ru/assets/foto/favicon.png]
[blackline-pr.ru/favicon.svg]
[blackline-pr.ru/assets/foto/logo.png]
[blackline-pr.ru/assets/foto/poster1.png]
[blackline-pr.ru/o-nas/index.html]
[blackline-pr.ru/assets/foto/video2.ogv]
[blackline-pr.ru/assets/foto/video2.mp4]
[blackline-pr.ru/assets/foto/video2.webm]
[blackline-pr.ru/assets/docs/Кейсы Blackline PR&Digital.pdf]
[blackline-pr.ru/assets/docs/Отзывы.pdf]
[blackline-pr.ru/pr/index.html]
[blackline-pr.ru/assets/foto/vk1.png]
[blackline-pr.ru/assets/foto/yaq.png]
[blackline-pr.ru/smm/index.html]
[blackline-pr.ru/assets/foto/zen.png]
[blackline-pr.ru/assets/foto/1.png]
[blackline-pr.ru/assets/foto/2.png]
[blackline-pr.ru/dizain/index.html]
[blackline-pr.ru/assets/foto/3.png]
[blackline-pr.ru/assets/foto/4.png]
[blackline-pr.ru/assets/cache_image/assets/foto/partner/180х50/BingHan_0x0_eff.png]
[blackline-pr.ru/assets/cache_image/assets/foto/partner/180х50/Blanko_0x0_eff.png]
[blackline-pr.ru/event/index.html]
[blackline-pr.ru/assets/cache_image/assets/foto/partner/180х50/decathlon_0x0_eff.png]
[blackline-pr.ru/assets/cache_image/assets/foto/partner/180х50/devar kids_0x0_eff.png]
[blackline-pr.ru/assets/cache_image/assets/foto/partner/180х50/Familia_0x0_eff.png]
[blackline-pr.ru/assets/cache_image/assets/foto/partner/180х50/gardena_0x0_eff.png]
[blackline-pr.ru/assets/cache_image/assets/foto/partner/180х50/greenworks_0x0_eff.png]
[blackline-pr.ru/assets/cache_image/assets/foto/partner/180х50/haval_0x0_eff.png]
[blackline-pr.ru/portfolio/index.html]
[blackline-pr.ru/assets/cache_image/assets/foto/partner/180х50/Husqvarna_0x0_eff.png]
[blackline-pr.ru/assets/cache_image/assets/foto/partner/180х50/ilife_0x0_eff.png]
[blackline-pr.ru/assets/cache_image/assets/foto/partner/180х50/jysk_0x0_eff.png]
[blackline-pr.ru/blog/index.html]
[blackline-pr.ru/assets/cache_image/assets/foto/partner/180х50/lego_0x0_eff.png]
[blackline-pr.ru/assets/cache_image/assets/foto/partner/180х50/metro_0x0_eff.png]
[blackline-pr.ru/assets/cache_image/assets/foto/partner/180х50/netprint_0x0_eff.png]
[blackline-pr.ru/assets/cache_image/assets/foto/partner/180х50/Net_Element_International_Logo_0x0_eff.png]
[blackline-pr.ru/kontaktyi/index.html]
[blackline-pr.ru/assets/cache_image/assets/foto/partner/180х50/prenatal_0x0_eff.png]
[blackline-pr.ru/assets/cache_image/assets/foto/partner/180х50/ray_0x0_eff.png]
[blackline-pr.ru/assets/cache_image/assets/foto/partner/180х50/restore_social_0x0_eff.png]
[blackline-pr.ru/assets/cache_image/assets/foto/partner/180х50/Rookie_0x0_eff.png]
[blackline-pr.ru/assets/cache_image/assets/foto/partner/180х50/Simtravel_0x0_eff.png]
[blackline-pr.ru/assets/cache_image/assets/foto/partner/180х50/SuperStep_0x0_eff.png]
[blackline-pr.ru/assets/cache_image/assets/foto/partner/180х50/swiss pharm_0x0_eff.png]
[blackline-pr.ru/assets/cache_image/assets/foto/partner/180х50/Synergetic_0x0_eff.png]
[blackline-pr.ru/assets/cache_image/assets/foto/partner/180х50/Teana lab_0x0_eff.png]
[blackline-pr.ru/assets/cache_image/assets/foto/partner/180х50/tesla place_0x0_eff.png]
[blackline-pr.ru/assets/cache_image/assets/foto/partner/180х50/The north face_0x0_eff.png]
[blackline-pr.ru/assets/cache_image/assets/foto/partner/180х50/Webasto_0x0_eff.png]
[blackline-pr.ru/assets/cache_image/assets/foto/partner/180х50/YI_Technology_0x0_eff.png]
[blackline-pr.ru/assets/cache_image/assets/foto/partner/180х50/Zeiss_0x0_eff.png]
[blackline-pr.ru/assets/cache_image/assets/foto/partner/180х50/автомобиль года_0x0_eff.png]
[blackline-pr.ru/assets/cache_image/assets/foto/partner/180х50/Аргумент и факты_0x0_eff.png]
[blackline-pr.ru/assets/cache_image/assets/foto/partner/180х50/Балет с 2 лет_0x0_eff.png]
[blackline-pr.ru/assets/cache_image/assets/foto/partner/180х50/Внедорожник_0x0_eff.png]
[blackline-pr.ru/assets/cache_image/assets/foto/partner/180х50/Департамент транспорта_0x0_eff.png]
[blackline-pr.ru/assets/cache_image/assets/foto/partner/180х50/Кнопка жизни_0x0_eff.png]
[blackline-pr.ru/assets/cache_image/assets/foto/partner/180х50/Министерство культуры_0x0_eff.png]
[blackline-pr.ru/assets/cache_image/assets/foto/partner/180х50/Мореон_0x0_eff.png]
[blackline-pr.ru/assets/cache_image/assets/foto/partner/180х50/Моспроект_0x0_eff.png]
[blackline-pr.ru/assets/cache_image/assets/foto/partner/180х50/Победа вкуса_0x0_eff.png]
[blackline-pr.ru/assets/cache_image/assets/foto/partner/180х50/Российско-израильский деловой совет_0x0_eff.png]
[blackline-pr.ru/assets/cache_image/assets/foto/partner/180х50/Семья_года__0x0_eff.png]
[blackline-pr.ru/assets/cache_image/assets/foto/partner/180х50/учи ру_0x0_eff.png]
[blackline-pr.ru/assets/cache_image/assets/foto/partner/180х50/Цезарь Саттелит_0x0_eff.png]
[blackline-pr.ru/assets/cache_image/assets/foto/partner/180х50/qiwi_0x0_eff.png]
[blackline-pr.ru/assets/cache_image/assets/foto/partner/180х50/uno-1_0x0_eff.png]
[blackline-pr.ru/assets/cache_image/assets/foto/partner/180х50/urait_0x0_eff.png]
[blackline-pr.ru/assets/cache_image/assets/foto/partner/180х50/sun_pharma_0x0_eff.png]
[blackline-pr.ru/assets/cache_image/assets/foto/partner/180х50/forward_0x0_eff.png]
[blackline-pr.ru/assets/foto/phone1.png]
[blackline-pr.ru/assets/foto/ft20.png]
[blackline-pr.ru/assets/foto/ft10.png]
[blackline-pr.ru/assets/foto/ft40.png]
[blackline-pr.ru/assets/foto/ft30.png]
[blackline-pr.ru/index.html]
[use.fontawesome.com/releases/v5.8.0/css/all.css]
[blackline-pr.ru/favicon.svg]
[mc.yandex.ru/metrika/tag.js]
[blackline-pr.ru/policy/index.html]
[blackline-pr.ru/assets/foto/onas1.png]
[blackline-pr.ru/assets/foto/onas2.png]
[blackline-pr.ru/assets/foto/onas3.png]
[blackline-pr.ru/o-nas/index.html]
[blackline-pr.ru/assets/foto/pr.png]
[blackline-pr.ru/assets/foto/knopka2.png]
[blackline-pr.ru/assets/docs/Бриф на PR-продвижение.docx]
[blackline-pr.ru/pr/index.html]
[blackline-pr.ru/portfolio/pr-kampaniya-v-podderzhku-dekatlon/index.html]
[blackline-pr.ru/assets/foto/smm.png]
[blackline-pr.ru/assets/docs/Бриф на SMM-поддержку.docx]
[blackline-pr.ru/smm/index.html]
[blackline-pr.ru/portfolio/abonentskaya-pr-podderzhka-kosmeticheskogo-brenda-teana-laboratories/index.html]
[blackline-pr.ru/portfolio/the-north-face/index.html]
[blackline-pr.ru/portfolio/greenworks1/index.html]
[blackline-pr.ru/assets/foto/disign.png]
[blackline-pr.ru/assets/foto/10.png]
[blackline-pr.ru/portfolio/jysk/index.html]
[blackline-pr.ru/assets/foto/20.png]
[blackline-pr.ru/assets/foto/30.png]
[blackline-pr.ru/assets/foto/40.png]
[blackline-pr.ru/assets/foto/50.png]
[blackline-pr.ru/portfolio/rabota-agentov-vliyaniya-dlya-akvaparka-moreon/index.html]
[blackline-pr.ru/assets/foto/60.png]
[blackline-pr.ru/dizain/index.html]
[blackline-pr.ru/portfolio/kommunikacziya-v-soczsetyax-dlya-gardena/index.html]
[blackline-pr.ru/assets/foto/event-foto1.png]
[blackline-pr.ru/portfolio/rabota-s-blogerami-dlya-superstep-i-wwf/index.html]
[blackline-pr.ru/assets/foto/event-foto2.png]
[blackline-pr.ru/assets/foto/ev1.png]
[blackline-pr.ru/assets/foto/ev2.png]
[blackline-pr.ru/assets/foto/ev3.png]
[blackline-pr.ru/assets/foto/ev4.png]
[blackline-pr.ru/portfolio/greenworks/index.html]
[blackline-pr.ru/assets/foto/ev5.png]
[blackline-pr.ru/assets/foto/ev6.png]
[blackline-pr.ru/event/index.html]
[blackline-pr.ru/portfolio/index.html]
[blackline-pr.ru/portfolio/interpermanent/index.html]
[blackline-pr.ru/portfolio/teana/index.html]
[blackline-pr.ru/assets/cache_image/assets/foto/article/scale_1200_720x400_0ca.jpg]
[blackline-pr.ru/assets/cache_image/assets/foto/article/обложка дзен_720x400_0ca.jpg]
[blackline-pr.ru/portfolio/headway/index.html]
[blackline-pr.ru/assets/cache_image/home/host1817399/blackline-pr.ru/htdocs/www/memi_720x400_0ca.jpg]
[blackline-pr.ru/portfolio/restore/index.html]
[blackline-pr.ru/assets/cache_image/home/host1817399/blackline-pr.ru/htdocs/www/Пиар_стратегии 1_720x400_0ca.jpg]
[blackline-pr.ru/assets/cache_image/home/host1817399/blackline-pr.ru/htdocs/www/Пандемия_720x400_5fe.png]
[blackline-pr.ru/assets/cache_image/home/host1817399/blackline-pr.ru/htdocs/www/антитренды smm_720x400_5fe.png]
[blackline-pr.ru/portfolio/forsage/index.html]
[blackline-pr.ru/assets/cache_image/home/host1817399/blackline-pr.ru/htdocs/www/Коммуникации с блогером_720x400_0ca.jpg]
[blackline-pr.ru/assets/cache_image/home/host1817399/blackline-pr.ru/htdocs/www/Комментарии спикера_720x400_0ca.jpg]
[blackline-pr.ru/portfolio/greenworks-i-presstur/index.html]
[blackline-pr.ru/assets/cache_image/home/host1817399/blackline-pr.ru/htdocs/www/Пиар-продвижение_720x400_5fe.png]
[blackline-pr.ru/blog/index.html]
[blackline-pr.ru/portfolio/otkryitie-pervogo-monobrendovogo-magazina-the-north-face-v-rossii/index.html]
[blackline-pr.ru/assets/foto/contacts/office.jpg]
[blackline-pr.ru/assets/cache_image/assets/foto/contacts/office_360x200_d9d.jpg]
[blackline-pr.ru/portfolio/media-podderzhka-knopka-zhizni/index.html]
[blackline-pr.ru/assets/foto/contacts/team.jpg]
[blackline-pr.ru/assets/cache_image/assets/foto/contacts/team_360x200_d9d.jpg]
[blackline-pr.ru/assets/foto/contacts/team-works.jpg]
[blackline-pr.ru/portfolio/pr-podderzhka-kf-pobeda/index.html]
[blackline-pr.ru/assets/cache_image/assets/foto/contacts/team-works_360x200_d9d.jpg]
[blackline-pr.ru/kontaktyi/index.html]
[blackline-pr.ru/portfolio/pr-podderzhka-gruppyi-kompanij-net-element-2012today/index.html]
[blackline-pr.ru/portfolio/pr-kampaniya-dlya-kofejni-one-and-double/index.html]
[blackline-pr.ru/portfolio/lichnyij-pr-predstavitelej-marketplejsa-benfin/index.html]
[blackline-pr.ru/portfolio/pr-podderzhka-zeiss-vision-center/index.html]
[blackline-pr.ru/portfolio/pr-prodvizhenie-servisa-forward-leasing-v-kazaxstane/index.html]
[blackline-pr.ru/portfolio/lichnyij-pr-upravlyayushhix-partnerov-konsaltingovoj-kompanii-kyc/index.html]
[blackline-pr.ru/portfolio/pr-podderzhka-inicziativyi-obrazovatelnoj-platformyi-yurajt/index.html]
[blackline-pr.ru/portfolio/prezentacziya-novoj-kollekczii-ukrashenij-unode50/index.html]
[blackline-pr.ru/portfolio/pr-vyixoda-seti-magazinov-jysk-na-rossijskij-ryinok/index.html]
[blackline-pr.ru/portfolio/prezentacziya-haval-v-moskovskom-mezhdunarodnom-avtomobilnom-salone/index.html]
[blackline-pr.ru/portfolio/pr-podderzhka-brenda-maryblank/index.html]
[blackline-pr.ru/portfolio/pr-podderzhka-detskogo-brenda-prenatal/index.html]
[blackline-pr.ru/portfolio/pr-podderzhka-i-rabota-s-liderami-mnenij-dlya-synergetic/index.html]
[blackline-pr.ru/portfolio/pr-podderzhka-yi-technology/index.html]
[blackline-pr.ru/portfolio/pr-podderzhka-bing-han-international/index.html]
[blackline-pr.ru/portfolio/prodvizhenie-obrazovatelnogo-proekta-akademiya-restore/index.html]
[blackline-pr.ru/portfolio/abonentskaya-pr-podderzhka-czezar-satellit/index.html]
[blackline-pr.ru/portfolio/abonentskaya-pr-i-event-podderzhka-brenda-gardena/index.html]
[blackline-pr.ru/portfolio/abonentskaya-podderzhka-brenda-husqvarna/index.html]
[blackline-pr.ru/portfolio/abonentskij-pr-off-price-ritejlera-familia/index.html]
[blackline-pr.ru/portfolio/pr-podderzhka-soczialnoj-inicziativyi-seti-magazinov-dekatlon/index.html]
[blackline-pr.ru/portfolio/mirovoj-rekord-ginnessa-na-ploshhadke-tesla-place/index.html]
[blackline-pr.ru/portfolio/rekord-rossii-ot-husqvarna-group/index.html]
[blackline-pr.ru/portfolio/abonentskaya-pr-podderzhka-detskogo-brenda-na-osnove-texnologij-s-dopolnennoj-realnostyu-devar-kids/index.html]
[blackline-pr.ru/portfolio/10-letnij-yubilej-seti-sertificzirovannyix-magazinov-lego/index.html]
[blackline-pr.ru/portfolio/abonentskaya-pr-i-smm-podderzhka-restorana-happy-bones/index.html]
[blackline-pr.ru/policy/index.html]
[blackline-pr.ru/portfolio/pr-prodvizhenie-obrazovatelnogo-portala-uchi-ru/index.html]
[blackline-pr.ru/portfolio/abonentskoe-pr-i-smm-soprovozhdenie-stroitelnoj-kompanii-bau-van-hausern/index.html]
[blackline-pr.ru/portfolio/abonentskaya-pr-podderzhka-xoreograficheskoj-shkolyi-balet-s-2-let/index.html]
[blackline-pr.ru/portfolio/event-i-pr-podderzhka-detskogo-obrazovatelnogo-proekta-restore/index.html]
[blackline-pr.ru/portfolio/onlajn-marafon-dlya-aziks-derm/index.html]
[blackline-pr.ru/portfolio/rabota-s-bloggerami-dlya-swisspharm/index.html]
[blackline-pr.ru/portfolio/targetirovannaya-reklama-dlya-youngyou/index.html]
[blackline-pr.ru/assets/foto/case/кейсы_Декатлон.png]
[blackline-pr.ru/assets/foto/case/EVADICT TS MC PERF TRAIL H BLANC NOIR AH20 PE20 - 198 --- Expires on 18-01-2024 — копия.jpg]
[blackline-pr.ru/portfolio/flajt-s-blogerami-dlya-columbia/index.html]
[blackline-pr.ru/assets/foto/case/Дыши свободно.png]
[blackline-pr.ru/assets/foto/case/Снимок 02.png]
[blackline-pr.ru/portfolio/flajt-dlya-kofejni-v-some-one-and-double/index.html]
[blackline-pr.ru/assets/foto/case/i.jpg]
[blackline-pr.ru/portfolio/smm-prodvizhenie-the-rusty-pub/index.html]
[blackline-pr.ru/assets/foto/case/Снимок 3.png]
[blackline-pr.ru/portfolio/pr-kampaniya-v-podderzhku-dekatlon/index.html]
[blackline-pr.ru/portfolio/smm-podderzhka-selgros/index.html]
[blackline-pr.ru/assets/foto/case/PR_Teana.png]
[blackline-pr.ru/assets/foto/case/IMG_5795.jpg]
[blackline-pr.ru/portfolio/razrabotka-smm-gajda-polimetall-m/index.html]
[blackline-pr.ru/assets/foto/case/2pqYlZvoSYs.jpg]
[blackline-pr.ru/portfolio/abonentskaya-pr-podderzhka-kosmeticheskogo-brenda-teana-laboratories/index.html]
[blackline-pr.ru/portfolio/smm-prodvizhenie-prilozhenij-dlya-avtomobilistov/index.html]
[www.blackline-pr.ru/assets/components/minifyx/cache/styles_770972b24f.min.css]
[blackline-pr.ru/portfolio/qiwi-meet-up/index.html]
[blackline-pr.ru/portfolio/smm-i-serm-dlya-stroitelnoj-kompanii-maksxaus/index.html]
[www.blackline-pr.ru/assets/foto/case/кейсы_NORTH-FACE.png]
[www.blackline-pr.ru/assets/components/phpthumbof/cache/кейсы_NORTH-FACE.551893f2f3b3083d3e7fcaae55b6fa8e16.png]
[www.blackline-pr.ru/assets/foto/case/_normal-3.png]
[www.blackline-pr.ru/assets/components/phpthumbof/cache/_normal-3.551893f2f3b3083d3e7fcaae55b6fa8e16.png]
[blackline-pr.ru/portfolio/kommunikacziya-v-soczsetyax-dlya-husqvarna/index.html]
[www.blackline-pr.ru/assets/foto/case/4ewallare2.jpg]
[www.blackline-pr.ru/assets/components/phpthumbof/cache/4ewallare2.515b93ff6c9ee57e72e8c7071cea5cf916.jpg]
[www.blackline-pr.ru/assets/foto/case/_normal-2.png]
[www.blackline-pr.ru/assets/components/phpthumbof/cache/_normal-2.551893f2f3b3083d3e7fcaae55b6fa8e16.png]
[blackline-pr.ru/portfolio/rabota-agentov-vliyaniya-dlya-sportivnogo-gipermarketa-dekatlon/index.html]
[www.blackline-pr.ru/assets/foto/case/_normal-4.png]
[www.blackline-pr.ru/assets/components/phpthumbof/cache/_normal-4.551893f2f3b3083d3e7fcaae55b6fa8e16.png]
[blackline-pr.ru/portfolio/the-north-face/index.html]
[www.blackline-pr.ru/assets/components/minifyx/cache/scripts_49fb0a60ca.min.js]
[blackline-pr.ru/portfolio/press-zavtrak-dlya-kid-rocks/index.html]
[blackline-pr.ru/assets/foto/case/PR_GREENWORKS.png]
[blackline-pr.ru/portfolio/avtomobil-goda-v-rossii-i-husqvarna/index.html]
[blackline-pr.ru/assets/foto/case/Снимок экрана 2020-07-13 в 14.00.20.png]
[blackline-pr.ru/assets/foto/case/Снимок экрана 2020-07-13 в 14.11.52.png]
[blackline-pr.ru/assets/foto/case/Снимок экрана 2020-07-13 в 13.59.47.png]
[blackline-pr.ru/portfolio/greenworks1/index.html]
[blackline-pr.ru/portfolio/press-den-v-zeiss-vision-center/index.html]
[blackline-pr.ru/portfolio/prezentacziya-novinok-husqvarna-v-botanicheskom-sadu/index.html]
[blackline-pr.ru/portfolio/antikrizisnyij-press-tur-v-kazaxstan-dlya-brenda-araltuz/index.html]
[blackline-pr.ru/assets/foto/case/кейсы_2_JYSK.png]
[blackline-pr.ru/assets/foto/case/Jysk 2.png]
[blackline-pr.ru/portfolio/prazdnik-v-moskovskom-metro/index.html]
[blackline-pr.ru/portfolio/jysk/index.html]
[blackline-pr.ru/assets/foto/case/Jysk.png]
[blackline-pr.ru/portfolio/kvest-lego-mini-cooper/index.html]
[blackline-pr.ru/portfolio/press-konferencziya-dlya-brenda-gribnaya-raduga-v-kurskoj-oblasti/index.html]
[blackline-pr.ru/assets/foto/case/кейсы_2_МОРЕОН.png]
[blackline-pr.ru/assets/foto/case/Мореон 1.png]
[blackline-pr.ru/portfolio/meropriyatie-dlya-smi-i-blogerov-ilife/index.html]
[blackline-pr.ru/assets/foto/case/Мореон. 2.png]
[blackline-pr.ru/portfolio/festival-raznoczvetnaya-moskva/index.html]
[blackline-pr.ru/assets/foto/case/Мореон 3.png]
[blackline-pr.ru/assets/foto/case/Аквапарк Мореон.png]
[blackline-pr.ru/portfolio/rabota-agentov-vliyaniya-dlya-akvaparka-moreon/index.html]
[blackline-pr.ru/portfolio/byuti-lanchi-teana-laboratories/index.html]
[blackline-pr.ru/assets/foto/case/SMM_Gardena-soz.png]
[blackline-pr.ru/assets/foto/case/GARDENA.jpg]
[blackline-pr.ru/portfolio/organizacziya-festivalya-sportivnaya-moskva/index.html]
[blackline-pr.ru/assets/foto/case/GARDENA 1.png]
[blackline-pr.ru/portfolio/kommunikacziya-v-soczsetyax-dlya-gardena/index.html]
[blackline-pr.ru/portfolio/the-rusty-bub/index.html]
[blackline-pr.ru/assets/foto/case/кейсы_2_SUPERSTEP.png]
[blackline-pr.ru/assets/foto/case/SuperStep2.png]
[blackline-pr.ru/portfolio/rekom/index.html]
[blackline-pr.ru/assets/foto/case/SuperStep 3.png]
[blackline-pr.ru/assets/foto/case/SuperStep.png]
[blackline-pr.ru/portfolio/rabota-s-blogerami-dlya-superstep-i-wwf/index.html]
[blackline-pr.ru/portfolio/vnedorozhnik-goda-2020/index.html]
[blackline-pr.ru/assets/foto/case/greenworks.png]
[blackline-pr.ru/portfolio/greenworks/index.html]
[blackline-pr.ru/assets/foto/case/interpermanent.png]
[blackline-pr.ru/portfolio/interpermanent/index.html]
[blackline-pr.ru/portfolio/gardena/index.html]
[blackline-pr.ru/portfolio/rej/index.html]
[blackline-pr.ru/blog/fishki-kruellyi-de-vil-dlya-povyisheniya-pr-effektivnosti-meropriyatij/index.html]
[blackline-pr.ru/blog/etapyi-podgotovki-k-q-a-v-usloviyax-krizisnoj-situaczii/index.html]
[blackline-pr.ru/assets/foto/case/teana.png]
[blackline-pr.ru/portfolio/teana/index.html]
[blackline-pr.ru/blog/primenenie-memov-v-prodvizhenii/index.html]
[blackline-pr.ru/blog/pochemu-kazhdoj-kompanii-neobxodim-piar-i-po-kakoj-prichine-on-ne-neset-otvetstvennosti-za-prodazhi/index.html]
[blackline-pr.ru/blog/perezhivet-li-biznes-vtoruyu-volnu-pandemii/index.html]
[blackline-pr.ru/blog/antitrendyi-v-smm-ili-o-chyom-nuzhno-zabyit-v-2021-godu/index.html]
[blackline-pr.ru/blog/pravilnyie-kommunikaczii-s-blogerami-zalog-uspeshnosti-i-uznavaemosti-brenda/index.html]
[blackline-pr.ru/blog/kommentarij-spikera-v-delovyix-smi-prakticheskoe-rukovodstvo/index.html]
[blackline-pr.ru/blog/4-etapa-sozdaniya-i-prodvizheniya-soobshhestva-brenda/index.html]
[blackline-pr.ru/assets/foto/case/headway.gif]
[blackline-pr.ru/portfolio/headway/index.html]
[blackline-pr.ru/assets/foto/case/кейсы_event_ФЕСТИВАЛЬ-RE_STORE.png]
[blackline-pr.ru/assets/foto/case/мастер-класс.png]
[blackline-pr.ru/assets/foto/case/пространство.png]
[blackline-pr.ru/assets/foto/case/аудитория-(Пинхасов).png]
[blackline-pr.ru/portfolio/restore/index.html]
[blackline-pr.ru/assets/foto/case/кейсы_event_ДРИФТ-ГОНКА-FORSAGE-.png]
[blackline-pr.ru/assets/foto/case/CE9A9107-380x250.jpg]
[blackline-pr.ru/assets/foto/case/CE9A9314-380x250.jpg]
[blackline-pr.ru/assets/foto/case/CE9A8202-380x250.jpg]
[blackline-pr.ru/portfolio/forsage/index.html]
[blackline-pr.ru/assets/foto/case/кейсы_event_GREENWORKS-пресс-тур.png]
[blackline-pr.ru/assets/foto/case/WhatsApp Image 2020-07-13 at 13.55.28.jpg]
[blackline-pr.ru/assets/foto/case/WhatsApp Image 2020-07-13 at 13.55.29.jpg]
[blackline-pr.ru/assets/foto/case/WhatsApp Image 2020-07-13 at 13.55.27.jpg]
[blackline-pr.ru/portfolio/greenworks-i-presstur/index.html]
[blackline-pr.ru/assets/foto/case/event_event-NORTH-FACE.png]
[blackline-pr.ru/assets/foto/case/tnf_1.png]
[blackline-pr.ru/assets/foto/case/tnf_2.png]
[blackline-pr.ru/assets/foto/case/tnf_3.png]
[blackline-pr.ru/assets/foto/case/tnf_4.png]
[blackline-pr.ru/assets/foto/case/tnf_6.jpg]
[blackline-pr.ru/portfolio/otkryitie-pervogo-monobrendovogo-magazina-the-north-face-v-rossii/index.html]
[blackline-pr.ru/assets/foto/case/knopka_jizni/knopkajizni.png]
[blackline-pr.ru/assets/foto/case/knopka_jizni/best_smartwatch_for_kids_lead.jpg.jpg]
[blackline-pr.ru/assets/foto/case/knopka_jizni/ knopkajizni.jpg]
[blackline-pr.ru/portfolio/media-podderzhka-knopka-zhizni/index.html]
[blackline-pr.ru/assets/foto/case/pobedavkusa/podebavkusa.png]
[blackline-pr.ru/assets/foto/case/pobedavkusa/pobedavkusa.jpg]
[blackline-pr.ru/portfolio/pr-podderzhka-kf-pobeda/index.html]
[blackline-pr.ru/assets/foto/case/netelement/netelement.png]
[blackline-pr.ru/portfolio/pr-podderzhka-gruppyi-kompanij-net-element-2012today/index.html]
[blackline-pr.ru/assets/foto/case/netelement/netel.jpg]
[blackline-pr.ru/assets/foto/case/oneanddouble/oneanddouble.png]
[blackline-pr.ru/assets/foto/case/oneanddouble/ond1.jpg]
[blackline-pr.ru/assets/foto/case/oneanddouble/ond2.jpg]
[blackline-pr.ru/portfolio/pr-kampaniya-dlya-kofejni-one-and-double/index.html]
[blackline-pr.ru/assets/foto/case/benfin/benfin.png]
[blackline-pr.ru/assets/foto/case/benfin/Screenshot 2022-04-05 at 4.49.36 pm.png]
[blackline-pr.ru/portfolio/lichnyij-pr-predstavitelej-marketplejsa-benfin/index.html]
[blackline-pr.ru/assets/foto/case/zeiss/WhatsApp Image 2021-01-28 at 16.49.00.jpg]
[blackline-pr.ru/assets/foto/case/zeiss/3761.jpg]
[blackline-pr.ru/assets/foto/case/zeiss/img_6031_enfuse_5492_16x9.jpg]
[blackline-pr.ru/assets/foto/case/zeiss/web-04517.jpg]
[blackline-pr.ru/assets/foto/case/zeiss/6ed502500f2567970beddd674a59c56b.jpg]
[blackline-pr.ru/portfolio/pr-podderzhka-zeiss-vision-center/index.html]
[blackline-pr.ru/assets/foto/case/Forward_Leasing/PR_Форвард-Казахстан.png]
[blackline-pr.ru/assets/foto/case/Forward_Leasing/fl-site-main_large.jpg]
[blackline-pr.ru/assets/foto/case/Forward_Leasing/03695e6365a4403dbd4d1a84ba6e21db.jpg]
[blackline-pr.ru/portfolio/pr-prodvizhenie-servisa-forward-leasing-v-kazaxstane/index.html]
[blackline-pr.ru/assets/foto/case/KYC/PR_K&Y.png]
[blackline-pr.ru/assets/foto/case/KYC/IMG_8620-1024x665@2x.jpg]
[blackline-pr.ru/assets/foto/case/KYC/yaroslav.jpg]
[blackline-pr.ru/assets/foto/case/KYC/3-31711_building-png-building-photo-of-picsart-transparent-png.png]
[blackline-pr.ru/portfolio/lichnyij-pr-upravlyayushhix-partnerov-konsaltingovoj-kompanii-kyc/index.html]
[blackline-pr.ru/assets/foto/case/pr_Urute/PR_Юрайт.png]
[blackline-pr.ru/assets/foto/case/pr_Urute/shutterstock_717765166.png]
[blackline-pr.ru/portfolio/pr-podderzhka-inicziativyi-obrazovatelnoj-platformyi-yurajt/index.html]
[blackline-pr.ru/assets/foto/case/pr_Urute/260-2606366_brand-new-opportunities-to-conduct-your-research-in.png]
[blackline-pr.ru/assets/foto/case/PR_UNOde50.png]
[blackline-pr.ru/assets/foto/case/Japan.jpg]
[blackline-pr.ru/assets/foto/case/Indonesia.jpg]
[blackline-pr.ru/assets/foto/case/India.jpg]
[blackline-pr.ru/assets/foto/case/China.jpg]
[blackline-pr.ru/assets/foto/case/uno-new.jpg]
[blackline-pr.ru/portfolio/prezentacziya-novoj-kollekczii-ukrashenij-unode50/index.html]
[blackline-pr.ru/assets/foto/case/PR_JYSK.png]
[blackline-pr.ru/assets/foto/case/DSC09865.jpg]
[blackline-pr.ru/assets/foto/case/DSC09935.jpg]
[blackline-pr.ru/assets/foto/case/JYSK_1.jpg]
[blackline-pr.ru/assets/foto/case/JYSK_2.jpg]
[blackline-pr.ru/assets/foto/case/JYSK_3.jpg]
[blackline-pr.ru/portfolio/pr-vyixoda-seti-magazinov-jysk-na-rossijskij-ryinok/index.html]
[blackline-pr.ru/assets/foto/case/PR_Haval.png]
[blackline-pr.ru/assets/foto/case/1.jpg]
[blackline-pr.ru/assets/foto/case/2.jpg]
[blackline-pr.ru/assets/foto/case/374134401.jpg]
[blackline-pr.ru/assets/foto/case/3.jpg]
[blackline-pr.ru/assets/foto/case/haval_presentation_20180829_022.jpg]
[blackline-pr.ru/portfolio/prezentacziya-haval-v-moskovskom-mezhdunarodnom-avtomobilnom-salone/index.html]
[blackline-pr.ru/assets/foto/case/PR_MaryBlank.png]
[blackline-pr.ru/assets/foto/case/maryb1.jpg]
[blackline-pr.ru/assets/foto/case/maryb2.jpg]
[blackline-pr.ru/assets/foto/case/maryb.jpg]
[blackline-pr.ru/portfolio/pr-podderzhka-brenda-maryblank/index.html]
[www.blackline-pr.ru/assets/foto/case/PR_Prenatal-Milano.png]
[www.blackline-pr.ru/assets/components/phpthumbof/cache/PR_Prenatal-Milano.551893f2f3b3083d3e7fcaae55b6fa8e124.png]
[www.blackline-pr.ru/assets/foto/case/prenatal1.jpg]
[www.blackline-pr.ru/assets/components/phpthumbof/cache/prenatal1.515b93ff6c9ee57e72e8c7071cea5cf9124.jpg]
[www.blackline-pr.ru/assets/foto/case/prenatal2.jpg]
[www.blackline-pr.ru/assets/components/phpthumbof/cache/prenatal2.515b93ff6c9ee57e72e8c7071cea5cf9124.jpg]
[www.blackline-pr.ru/assets/foto/case/prenatal4.jpg]
[www.blackline-pr.ru/assets/components/phpthumbof/cache/prenatal4.515b93ff6c9ee57e72e8c7071cea5cf9124.jpg]
[www.blackline-pr.ru/assets/foto/case/prenatal3.jpg]
[www.blackline-pr.ru/assets/components/phpthumbof/cache/prenatal3.515b93ff6c9ee57e72e8c7071cea5cf9124.jpg]
[www.blackline-pr.ru/assets/foto/case/prenatal.jpg]
[www.blackline-pr.ru/assets/components/phpthumbof/cache/prenatal.515b93ff6c9ee57e72e8c7071cea5cf9124.jpg]
[blackline-pr.ru/portfolio/pr-podderzhka-detskogo-brenda-prenatal/index.html]
[blackline-pr.ru/assets/foto/case/PR_Synergetic.png]
[blackline-pr.ru/assets/foto/case/synerg1.jpg]
[blackline-pr.ru/assets/foto/case/synerg2.jpg]
[blackline-pr.ru/assets/foto/case/synerg4.jpg]
[blackline-pr.ru/assets/foto/case/synerg.jpg]
[blackline-pr.ru/portfolio/pr-podderzhka-i-rabota-s-liderami-mnenij-dlya-synergetic/index.html]
[blackline-pr.ru/assets/foto/case/PR_YI-Technology.png]
[blackline-pr.ru/assets/foto/case/yi1.jpg]
[blackline-pr.ru/assets/foto/case/yi3.jpg]
[blackline-pr.ru/assets/foto/case/yi.png]
[blackline-pr.ru/portfolio/pr-podderzhka-yi-technology/index.html]
[blackline-pr.ru/assets/foto/case/PR_Bing-Han.png]
[blackline-pr.ru/assets/foto/case/bing han1.jpg]
[blackline-pr.ru/assets/foto/case/binghan2.jpg]
[blackline-pr.ru/assets/foto/case/binghan3.jpg]
[blackline-pr.ru/assets/foto/case/binghan4.jpg]
[blackline-pr.ru/assets/foto/case/bing han.png]
[blackline-pr.ru/portfolio/pr-podderzhka-bing-han-international/index.html]
[blackline-pr.ru/assets/foto/case/PR_RE_STORE.png]
[blackline-pr.ru/assets/foto/case/75d950494d1519ef8ca0b1a3419c77ef.jpg]
[blackline-pr.ru/assets/foto/case/Yz4KUrVzgms.jpg]
[blackline-pr.ru/assets/foto/case/ef5dacadf0abf9d02ca4f06376d28bc3.jpg]
[blackline-pr.ru/assets/foto/case/ee40b38743dcd390ffc4b4132b966eb2.jpg]
[blackline-pr.ru/portfolio/prodvizhenie-obrazovatelnogo-proekta-akademiya-restore/index.html]
[blackline-pr.ru/assets/foto/case/PR_Цезарь-Сателлит.png]
[blackline-pr.ru/assets/foto/case/satelit1.jpg]
[blackline-pr.ru/assets/foto/case/satelit2.jpg]
[blackline-pr.ru/assets/foto/case/satelit.jpg]
[blackline-pr.ru/portfolio/abonentskaya-pr-podderzhka-czezar-satellit/index.html]
[blackline-pr.ru/assets/foto/case/кейсы_2_GARDENA-соцсети.png]
[blackline-pr.ru/assets/foto/case/wassermengenzaehler-zur-bewaesserung-im-garten-oder-gewaechshaus.jpg]
[blackline-pr.ru/assets/foto/case/7ab0b9a931cd14428cb6f300542a383a.jpg]
[blackline-pr.ru/assets/foto/case/gardena_fest.jpg]
[blackline-pr.ru/assets/foto/case/GARDENAHERO.jpg]
[blackline-pr.ru/assets/foto/case/GA420-0285_TIF.jpg]
[blackline-pr.ru/portfolio/abonentskaya-pr-i-event-podderzhka-brenda-gardena/index.html]
[www.blackline-pr.ru/assets/foto/case/кейсы_2_Husqvarna.png]
[www.blackline-pr.ru/assets/components/phpthumbof/cache/кейсы_2_Husqvarna.551893f2f3b3083d3e7fcaae55b6fa8e115.png]
[www.blackline-pr.ru/assets/foto/case/husq1.jpg]
[www.blackline-pr.ru/assets/components/phpthumbof/cache/husq1.515b93ff6c9ee57e72e8c7071cea5cf9115.jpg]
[www.blackline-pr.ru/assets/foto/case/husq2.jpg]
[www.blackline-pr.ru/assets/components/phpthumbof/cache/husq2.515b93ff6c9ee57e72e8c7071cea5cf9115.jpg]
[www.blackline-pr.ru/assets/foto/case/husq3.jpg]
[www.blackline-pr.ru/assets/components/phpthumbof/cache/husq3.515b93ff6c9ee57e72e8c7071cea5cf9115.jpg]
[www.blackline-pr.ru/assets/foto/case/husq4.jpg]
[www.blackline-pr.ru/assets/components/phpthumbof/cache/husq4.515b93ff6c9ee57e72e8c7071cea5cf9115.jpg]
[www.blackline-pr.ru/assets/foto/case/husq5.jpg]
[www.blackline-pr.ru/assets/components/phpthumbof/cache/husq5.515b93ff6c9ee57e72e8c7071cea5cf9115.jpg]
[blackline-pr.ru/portfolio/abonentskaya-podderzhka-brenda-husqvarna/index.html]
[blackline-pr.ru/assets/foto/case/PR_Familia.png]
[blackline-pr.ru/assets/foto/case/lucrezia-carnelos-wQ9VuP_Njr4-unsplash.jpg]
[blackline-pr.ru/portfolio/abonentskij-pr-off-price-ritejlera-familia/index.html]
[www.blackline-pr.ru/assets/foto/case/кейсы_2_Декатлон-соц-инициатива.png]
[www.blackline-pr.ru/assets/components/phpthumbof/cache/кейсы_2_Декатлон-соц-инициатива.551893f2f3b3083d3e7fcaae55b6fa8e112.png]
[www.blackline-pr.ru/assets/foto/31f8d52d17436a9ba82bd4c672899489.jpg]
[www.blackline-pr.ru/assets/components/phpthumbof/cache/31f8d52d17436a9ba82bd4c672899489.515b93ff6c9ee57e72e8c7071cea5cf9112.jpg]
[www.blackline-pr.ru/assets/foto/kartino4ka-2020-04-10-v-13.55.41.jpg]
[www.blackline-pr.ru/assets/components/phpthumbof/cache/kartino4ka-2020-04-10-v-13.55.41.515b93ff6c9ee57e72e8c7071cea5cf9112.jpg]
[www.blackline-pr.ru/assets/foto/Декатлон.jpg]
[www.blackline-pr.ru/assets/components/phpthumbof/cache/Декатлон.515b93ff6c9ee57e72e8c7071cea5cf9112.jpg]
[www.blackline-pr.ru/assets/foto/isinnova.jpg]
[www.blackline-pr.ru/assets/components/phpthumbof/cache/isinnova.515b93ff6c9ee57e72e8c7071cea5cf9112.jpg]
[blackline-pr.ru/portfolio/pr-podderzhka-soczialnoj-inicziativyi-seti-magazinov-dekatlon/index.html]
[blackline-pr.ru/assets/foto/case/PR_тесла.png]
[blackline-pr.ru/assets/foto/case/30af3d4fbbfc2d8cd89dfa77f2413492.jpg]
[blackline-pr.ru/assets/foto/case/30-E9QFFenFUjo.jpg]
[blackline-pr.ru/assets/foto/case/585710917e4f29f1046a.jpg]
[blackline-pr.ru/assets/foto/079-TBo4S2dXecQ.jpg]
[blackline-pr.ru/portfolio/mirovoj-rekord-ginnessa-na-ploshhadke-tesla-place/index.html]
[www.blackline-pr.ru/assets/foto/case/PR_Husqvarna-рекорд.png]
[www.blackline-pr.ru/assets/components/phpthumbof/cache/PR_Husqvarna-рекорд.551893f2f3b3083d3e7fcaae55b6fa8e109.png]
[www.blackline-pr.ru/assets/foto/maxresdefault1.jpg]
[www.blackline-pr.ru/assets/components/phpthumbof/cache/maxresdefault1.515b93ff6c9ee57e72e8c7071cea5cf9109.jpg]
[www.blackline-pr.ru/assets/foto/wild-clara-fastest-russian-lawn-mower.jpg]
[www.blackline-pr.ru/assets/components/phpthumbof/cache/wild-clara-fastest-russian-lawn-mower.515b93ff6c9ee57e72e8c7071cea5cf9109.jpg]
[www.blackline-pr.ru/assets/foto/Wild-Clara-traktor-4.jpg]
[www.blackline-pr.ru/assets/components/phpthumbof/cache/Wild-Clara-traktor-4.515b93ff6c9ee57e72e8c7071cea5cf9109.jpg]
[www.blackline-pr.ru/assets/foto/maxresdefault.jpg]
[www.blackline-pr.ru/assets/components/phpthumbof/cache/maxresdefault.515b93ff6c9ee57e72e8c7071cea5cf9109.jpg]
[blackline-pr.ru/portfolio/rekord-rossii-ot-husqvarna-group/index.html]
[blackline-pr.ru/assets/foto/case/PR_DEVAR-KIDS.png]
[blackline-pr.ru/assets/foto/Devar_kids_books.png]
[blackline-pr.ru/assets/foto/Raskraska_DEVAR_00_00001281_Moy_Malenykiy_Poni_v_kino_Morskie_Poni_i_sekret_volshebnoy_zhemchuzhiny-206434-03.jpg]
[blackline-pr.ru/assets/foto/150843411720.jpg]
[blackline-pr.ru/portfolio/abonentskaya-pr-podderzhka-detskogo-brenda-na-osnove-texnologij-s-dopolnennoj-realnostyu-devar-kids/index.html]
[blackline-pr.ru/assets/foto/case/кейсы_2_LEGO.png]
[blackline-pr.ru/assets/foto/case/_KOR9309.jpg]
[blackline-pr.ru/assets/foto/case/_KOR9373.jpg]
[blackline-pr.ru/assets/foto/case/Lego.jpg]
[blackline-pr.ru/assets/foto/case/_KOR9245.jpg]
[blackline-pr.ru/portfolio/10-letnij-yubilej-seti-sertificzirovannyix-magazinov-lego/index.html]
[blackline-pr.ru/assets/foto/case/кейсы_2_HAPPY-BONES.png]
[blackline-pr.ru/assets/foto/case/IMG_8511.jpg]
[blackline-pr.ru/assets/foto/case/1.2.png]
[blackline-pr.ru/assets/foto/case/happy.jpg]
[blackline-pr.ru/portfolio/abonentskaya-pr-i-smm-podderzhka-restorana-happy-bones/index.html]
[blackline-pr.ru/assets/foto/case/8111_mast_правка copy.jpg]
[blackline-pr.ru/assets/foto/case/BVH.jpg]
[blackline-pr.ru/assets/foto/case/10 ПН.jpg]
[blackline-pr.ru/portfolio/abonentskoe-pr-i-smm-soprovozhdenie-stroitelnoj-kompanii-bau-van-hausern/index.html]
[blackline-pr.ru/assets/foto/case/PR_БАЛЕТ-С-2-ЛЕТ.png]
[blackline-pr.ru/assets/foto/case/Балет с двух лет_3.jpg]
[blackline-pr.ru/assets/foto/case/Балет с двух лет_5.jpg]
[blackline-pr.ru/assets/foto/case/Балет с двух лет_1.jpg]
[blackline-pr.ru/portfolio/abonentskaya-pr-podderzhka-xoreograficheskoj-shkolyi-balet-s-2-let/index.html]
[blackline-pr.ru/assets/foto/case/кейсы_2_УЧИ.РУ.png]
[blackline-pr.ru/assets/foto/case/EDN1vwOXkAQIJRd.jpg-large.jpg]
[blackline-pr.ru/assets/foto/case/s1200.jpg]
[blackline-pr.ru/assets/foto/case/7f335eecbe7e2e632bb2fe6dd86675db.jpg]
[blackline-pr.ru/portfolio/pr-prodvizhenie-obrazovatelnogo-portala-uchi-ru/index.html]
[blackline-pr.ru/assets/foto/case/PR_RE_STORE-обрпроект.png]
[blackline-pr.ru/assets/foto/case/7jseuIFNS4A.jpg]
[blackline-pr.ru/assets/foto/case/8nTjgD3lTJA.jpg]
[blackline-pr.ru/assets/foto/case/shT8Xn3lVyQ.jpg]
[blackline-pr.ru/assets/foto/case/SOCWEK6Ygow.jpg]
[blackline-pr.ru/assets/foto/case/2eRVCzFDkIs.jpg]
[blackline-pr.ru/portfolio/event-i-pr-podderzhka-detskogo-obrazovatelnogo-proekta-restore/index.html]
[blackline-pr.ru/assets/foto/case/sun_pharma/sunpharma.png]
[blackline-pr.ru/assets/foto/case/sun_pharma/Screenshot 2022-04-05 at 4.05.29 pm.png]
[blackline-pr.ru/assets/foto/case/sun_pharma/Screenshot 2022-04-05 at 4.05.51 pm.png]
[blackline-pr.ru/assets/foto/case/sun_pharma/Screenshot 2022-04-05 at 4.06.25 pm.png]
[blackline-pr.ru/portfolio/onlajn-marafon-dlya-aziks-derm/index.html]
[blackline-pr.ru/assets/foto/case/youngyou/youngyou.png]
[blackline-pr.ru/portfolio/targetirovannaya-reklama-dlya-youngyou/index.html]
[blackline-pr.ru/assets/foto/case/youngyou/youngyou1.jpg]
[blackline-pr.ru/assets/foto/case/swisspharm/swisspharm.png]
[blackline-pr.ru/portfolio/rabota-s-bloggerami-dlya-swisspharm/index.html]
[blackline-pr.ru/assets/foto/case/columbia/columbia.png]
[blackline-pr.ru/portfolio/flajt-s-blogerami-dlya-columbia/index.html]
[blackline-pr.ru/assets/foto/case/columbia/columbia2.jpg]
[blackline-pr.ru/portfolio/flajt-dlya-kofejni-v-some-one-and-double/index.html]
[blackline-pr.ru/assets/foto/case/rusty-pub/therustypub.png]
[blackline-pr.ru/assets/foto/case/rusty-pub/растикейс-01.png]
[blackline-pr.ru/assets/foto/case/rusty-pub/rusty1.jpg]
[blackline-pr.ru/assets/foto/case/rusty-pub/rusty2.jpg]
[blackline-pr.ru/portfolio/smm-prodvizhenie-the-rusty-pub/index.html]
[blackline-pr.ru/assets/foto/case/SELGROS/selgroscahandcarry.png]
[blackline-pr.ru/assets/foto/case/SELGROS/sel1.png]
[blackline-pr.ru/assets/foto/case/SELGROS/sel2.jpg]
[blackline-pr.ru/portfolio/smm-podderzhka-selgros/index.html]
[www.blackline-pr.ru/assets/components/phpthumbof/cache/polimetall-m.551893f2f3b3083d3e7fcaae55b6fa8e168.png]
[www.blackline-pr.ru/assets/foto/case/polimetall-m/polimetall1.png]
[www.blackline-pr.ru/assets/components/phpthumbof/cache/polimetall1.551893f2f3b3083d3e7fcaae55b6fa8e168.png]
[www.blackline-pr.ru/assets/foto/case/polimetall-m/polimetall2.png]
[www.blackline-pr.ru/assets/components/phpthumbof/cache/polimetall2.551893f2f3b3083d3e7fcaae55b6fa8e168.png]
[blackline-pr.ru/portfolio/razrabotka-smm-gajda-polimetall-m/index.html]
[blackline-pr.ru/assets/foto/case/traffic-police-vector-21006183.jpg]
[blackline-pr.ru/assets/foto/pdd.png]
[blackline-pr.ru/assets/foto/pdd1.jpg]
[blackline-pr.ru/portfolio/smm-prodvizhenie-prilozhenij-dlya-avtomobilistov/index.html]
[blackline-pr.ru/assets/foto/case/SMM_QIWI-Кошелек.png]
[blackline-pr.ru/assets/foto/case/QIWI-SERVER.png]
[blackline-pr.ru/assets/foto/case/kiwi.jpg]
[blackline-pr.ru/portfolio/qiwi-meet-up/index.html]
[blackline-pr.ru/assets/foto/case/SMM_-МаксХаус.png]
[blackline-pr.ru/assets/foto/case/makhaus1.jpg]
[blackline-pr.ru/assets/foto/case/makhaus3.jpg]
[blackline-pr.ru/assets/foto/case/makhaus2.jpg]
[blackline-pr.ru/assets/foto/case/makhaus.jpg]
[blackline-pr.ru/portfolio/smm-i-serm-dlya-stroitelnoj-kompanii-maksxaus/index.html]
[blackline-pr.ru/assets/foto/case/SMM_Husqvarna-СОЦСЕТИ.png]
[blackline-pr.ru/assets/foto/Husqvarna 1.jpg]
[blackline-pr.ru/portfolio/kommunikacziya-v-soczsetyax-dlya-husqvarna/index.html]
[blackline-pr.ru/assets/foto/case/кейсы_2_ДЕКАТЛОН-работа-агентов.png]
[blackline-pr.ru/assets/foto/Decathlon 4.png]
[blackline-pr.ru/assets/foto/Decathlon 5.png]
[blackline-pr.ru/assets/foto/Decathlon 6.png]
[blackline-pr.ru/assets/foto/Decathlon.jpg]
[blackline-pr.ru/portfolio/rabota-agentov-vliyaniya-dlya-sportivnogo-gipermarketa-dekatlon/index.html]
[www.blackline-pr.ru/assets/foto/case/ kid_rocks/kidrocks.png]
[www.blackline-pr.ru/assets/components/phpthumbof/cache/kidrocks.551893f2f3b3083d3e7fcaae55b6fa8e181.png]
[blackline-pr.ru/portfolio/press-zavtrak-dlya-kid-rocks/index.html]
[blackline-pr.ru/assets/foto/case/avtomobil_goda/event_Husqvarna-авто-года.png]
[blackline-pr.ru/assets/foto/case/avtomobil_goda/2650ab2a73b39cfe854a1f8efdc13678.jpg]
[blackline-pr.ru/assets/foto/case/avtomobil_goda/preview_35569.9ee43143b598c8eafd30df916509dd32.jpg]
[blackline-pr.ru/assets/foto/case/avtomobil_goda/tPWYRMz941w.jpg]
[blackline-pr.ru/assets/foto/case/avtomobil_goda/автомобиль года.jpg]
[blackline-pr.ru/assets/foto/case/avtomobil_goda/кейс автомобиль года.jpg]
[blackline-pr.ru/portfolio/avtomobil-goda-v-rossii-i-husqvarna/index.html]
[blackline-pr.ru/assets/foto/case/zeiss/event_Zeiss-Vision.png]
[blackline-pr.ru/assets/foto/case/zeiss/обложка (2).jpg]
[blackline-pr.ru/assets/foto/case/zeiss/IMG_5708.jpg]
[blackline-pr.ru/assets/foto/case/zeiss/IMG_5923.jpg]
[blackline-pr.ru/assets/foto/case/zeiss/office1.jpg]
[blackline-pr.ru/assets/foto/case/zeiss/обложка.jpg]
[blackline-pr.ru/portfolio/press-den-v-zeiss-vision-center/index.html]
[blackline-pr.ru/assets/foto/case/event_презентация-новинок-HUSQVARNA.png]
[blackline-pr.ru/assets/foto/case/husq.jpg]
[blackline-pr.ru/assets/foto/case/husq1.jpg]
[blackline-pr.ru/assets/foto/case/husq3.jpg]
[blackline-pr.ru/assets/foto/case/husq4.jpg]
[blackline-pr.ru/assets/foto/case/husq5.webp]
[blackline-pr.ru/portfolio/prezentacziya-novinok-husqvarna-v-botanicheskom-sadu/index.html]
[blackline-pr.ru/assets/foto/case/event_Аралтуз.png]
[blackline-pr.ru/assets/foto/case/RAZ16271.jpg]
[blackline-pr.ru/assets/foto/case/RAZ16339.jpg]
[blackline-pr.ru/assets/foto/case/RAZ16379.jpg]
[blackline-pr.ru/assets/foto/case/RAZ20831.jpg]
[blackline-pr.ru/assets/foto/case/slavyana-ranee-slavyanochka.jpg]
[blackline-pr.ru/portfolio/antikrizisnyij-press-tur-v-kazaxstan-dlya-brenda-araltuz/index.html]
[blackline-pr.ru/assets/foto/case/event_ПРАЗДНИК-МЕТРО.png]
[blackline-pr.ru/assets/foto/case/metro1.jpg]
[blackline-pr.ru/assets/foto/case/metro2.jpg]
[blackline-pr.ru/assets/foto/case/metro3.jpg]
[blackline-pr.ru/assets/foto/case/metro4.jpg]
[blackline-pr.ru/assets/foto/case/metro5.jpg]
[blackline-pr.ru/portfolio/prazdnik-v-moskovskom-metro/index.html]
[blackline-pr.ru/assets/foto/case/event_КВЕСТ-LEGO.png]
[blackline-pr.ru/assets/foto/case/lego1.jpg]
[blackline-pr.ru/assets/foto/case/lego2.jpg]
[blackline-pr.ru/assets/foto/case/lego3.jpg]
[blackline-pr.ru/assets/foto/case/lego4.jpg]
[blackline-pr.ru/assets/foto/case/lego5.jpg]
[blackline-pr.ru/portfolio/kvest-lego-mini-cooper/index.html]
[blackline-pr.ru/assets/foto/case/кейсы_event_Грибная-радуга.png]
[blackline-pr.ru/assets/foto/case/grib-raduga.jpg]
[blackline-pr.ru/assets/foto/case/grib-raduga1.jpg]
[blackline-pr.ru/assets/foto/case/grib-raduga2.jpg]
[blackline-pr.ru/portfolio/press-konferencziya-dlya-brenda-gribnaya-raduga-v-kurskoj-oblasti/index.html]
[blackline-pr.ru/assets/foto/case/event_ILIFE.png]
[blackline-pr.ru/assets/foto/case/ilife1.jpg]
[blackline-pr.ru/assets/foto/case/ilife2.jpg]
[blackline-pr.ru/assets/foto/case/ilife4.jpg]
[blackline-pr.ru/assets/foto/case/ilife5.jpg]
[blackline-pr.ru/assets/foto/case/ilife6.jpg]
[blackline-pr.ru/portfolio/meropriyatie-dlya-smi-i-blogerov-ilife/index.html]
[blackline-pr.ru/assets/foto/case/event_Разноцветная-Москва.png]
[blackline-pr.ru/assets/foto/case/tsvetnaya-msk1.jpg]
[blackline-pr.ru/assets/foto/case/tsvetnaya-msk2.jpg]
[blackline-pr.ru/assets/foto/case/tsvetnaya-msk3.jpg]
[blackline-pr.ru/assets/foto/case/tsvetnaya-msk4.jpg]
[blackline-pr.ru/assets/foto/case/kraski.jpg]
[blackline-pr.ru/portfolio/festival-raznoczvetnaya-moskva/index.html]
[blackline-pr.ru/assets/foto/case/event_Teana.png]
[blackline-pr.ru/assets/foto/case/teana.jpg]
[blackline-pr.ru/assets/foto/case/teana2.jpg]
[blackline-pr.ru/assets/foto/case/teana3.jpg]
[blackline-pr.ru/assets/foto/case/teana4.jpg]
[blackline-pr.ru/assets/foto/case/teanat.jpg]
[blackline-pr.ru/portfolio/byuti-lanchi-teana-laboratories/index.html]
[blackline-pr.ru/assets/foto/case/event_СПОРТИВНАЯ-МОСКВА.png]
[blackline-pr.ru/assets/foto/case/sport-msk1.jpg]
[blackline-pr.ru/assets/foto/case/sport-msk2.jpg]
[blackline-pr.ru/assets/foto/case/sport-msk3.jpg]
[blackline-pr.ru/assets/foto/case/sport-msk.jpg]
[blackline-pr.ru/portfolio/organizacziya-festivalya-sportivnaya-moskva/index.html]
[blackline-pr.ru/assets/foto/case/rusty-pub/растикейс2-01.png]
[blackline-pr.ru/portfolio/the-rusty-bub/index.html]
[blackline-pr.ru/assets/foto/case/rekom/rekomk1.png]
[blackline-pr.ru/assets/foto/case/rekom/rekomk2.png]
[blackline-pr.ru/portfolio/rekom/index.html]
[blackline-pr.ru/assets/foto/case/кейс_внед.gif]
[blackline-pr.ru/portfolio/vnedorozhnik-goda-2020/index.html]
[blackline-pr.ru/assets/foto/case/SMM_Рэй.png]
[blackline-pr.ru/assets/foto/case/рэй_кейс.gif]
[blackline-pr.ru/portfolio/rej/index.html]
[blackline-pr.ru/assets/foto/case/кейс_гардена.png]
[blackline-pr.ru/portfolio/gardena/index.html]
[blackline-pr.ru/assets/foto/article/scale_1200.jpg]
[blackline-pr.ru/blog/fishki-kruellyi-de-vil-dlya-povyisheniya-pr-effektivnosti-meropriyatij/index.html]
[blackline-pr.ru/assets/foto/article/обложка дзен.jpg]
[blackline-pr.ru/blog/etapyi-podgotovki-k-q-a-v-usloviyax-krizisnoj-situaczii/index.html]
[blackline-pr.ru/memi.jpg]
[blackline-pr.ru/blog/primenenie-memov-v-prodvizhenii/index.html]
[blackline-pr.ru/Пиар_стратегии 1.jpg]
[blackline-pr.ru/blog/pochemu-kazhdoj-kompanii-neobxodim-piar-i-po-kakoj-prichine-on-ne-neset-otvetstvennosti-za-prodazhi/index.html]
[blackline-pr.ru/Пандемия.png]
[blackline-pr.ru/blog/perezhivet-li-biznes-vtoruyu-volnu-pandemii/index.html]
[www.blackline-pr.ru/антитренды smm.png]
[blackline-pr.ru/blog/antitrendyi-v-smm-ili-o-chyom-nuzhno-zabyit-v-2021-godu/index.html]
[blackline-pr.ru/Коммуникации с блогером.jpg]
[blackline-pr.ru/blog/pravilnyie-kommunikaczii-s-blogerami-zalog-uspeshnosti-i-uznavaemosti-brenda/index.html]
[blackline-pr.ru/Комментарии спикера.jpg]
[blackline-pr.ru/blog/kommentarij-spikera-v-delovyix-smi-prakticheskoe-rukovodstvo/index.html]
[blackline-pr.ru/Пиар-продвижение.png]
[blackline-pr.ru/blog/4-etapa-sozdaniya-i-prodvizheniya-soobshhestva-brenda/index.html]
[www.blackline-pr.ru/assets/foto/Button.png]
[www.blackline-pr.ru/assets/foto/sec1-11.png]
[www.blackline-pr.ru/assets/foto/sec1-2.png]
[www.blackline-pr.ru/assets/foto/sec2-fon.png]
[www.blackline-pr.ru/assets/foto/onas-fon1.png]
[www.blackline-pr.ru/assets/foto/sec3-fon.png]
[www.blackline-pr.ru/assets/foto/sec4-fon.png]
[www.blackline-pr.ru/assets/foto/onas-fon2.png]
[www.blackline-pr.ru/assets/foto/onas-fon3.png]
[www.blackline-pr.ru/assets/foto/piar-fon1.png]
[www.blackline-pr.ru/assets/foto/pr3-fon.png]
[www.blackline-pr.ru/assets/foto/Button-2.png]
[www.blackline-pr.ru/assets/foto/pr5-fon.png]
[www.blackline-pr.ru/assets/foto/design-fon2.png]
[www.blackline-pr.ru/assets/foto/design-fon3.png]
[www.blackline-pr.ru/assets/foto/design-fon4.png]
[www.blackline-pr.ru/assets/foto/event-fon4.png]
[www.blackline-pr.ru/assets/foto/event-fon5.png]
[www.blackline-pr.ru/assets/foto/up-arrow.png]
[www.blackline-pr.ru/assets/foto/map.jpg]
[www.blackline-pr.ru/assets/components/minifyx/cache/styles_770972b24f.min.css]
[blackline-pr.ru/assets/foto/case/9c4cef20306563.59a5c7a5a4117.jpg]
[blackline-pr.ru/assets/foto/case/PR_BAU-VAN-HAUSERN.png]
[blackline-pr.ru/assets/foto/case/8194_для_BVH_3.jpg]
[www.blackline-pr.ru/assets/foto/case/polimetall-m/polimetall-m.png]
